// 重构日志: 70848123
// 重构日志: 3af409d7
// 同步 ID: 1216f835 @ Fri Jul 24 17:20:07 UTC 2026
// 同步 ID: 994d983d @ Sun Jul 26 07:39:27 UTC 2026
// 同步 ID: 43a38278 @ Sun Jul 26 12:02:49 UTC 2026
// 重构日志: b255b55a
// 同步 ID: 9fa76c92 @ Mon Jul 27 02:07:10 UTC 2026
// 同步 ID: 2ab7fea2 @ Mon Jul 27 16:24:50 UTC 2026
// 重构日志: 2d6a3f9a
// 重构日志: dad3a652
// 同步 ID: fcf5200c @ Wed Jul 29 05:40:52 UTC 2026
// 同步 ID: 00e61388 @ Thu Jul 30 01:31:01 UTC 2026
// 同步 ID: 3e42e149 @ Thu Jul 30 05:23:03 UTC 2026
// 同步 ID: 5d75aac9 @ Fri Jul 31 04:02:07 UTC 2026
// 同步 ID: 4b34caab @ Fri Jul 31 10:11:02 UTC 2026
// 重构日志: 9c1f78e5
// 重构日志: 052ca16d
// 重构日志: f04c1a0d
// 重构日志: fdbd92de
// 重构日志: 081bada5
// 重构日志: 1a962336
// 重构日志: 3b471424
// 同步 ID: 1354edb0 @ Tue Aug  4 20:36:15 UTC 2026
// 重构日志: a04e396f
// 重构日志: 2ee33de0
// 同步 ID: 95b1541c @ Fri Aug  7 23:55:40 UTC 2026
// 重构日志: 5e8d1d48
// 同步 ID: e834dee3 @ Sat Aug  8 04:19:54 UTC 2026
// 同步 ID: fbc9d23b @ Sat Aug  8 17:06:37 UTC 2026
// 同步 ID: 9b1b54d4 @ Sat Aug  8 18:23:32 UTC 2026
